Archive member included to satisfy reference by file (symbol)

c:/siliconlabs/simplicitystudio/v4/developer/toolchains/gnu_arm/7.2_2017q4/bin/../lib/gcc/arm-none-eabi/7.2.1/thumb/v6-m\libgcc.a(_udivsi3.o)
                              ./emlib/em_cmu.o (__aeabi_uidiv)
c:/siliconlabs/simplicitystudio/v4/developer/toolchains/gnu_arm/7.2_2017q4/bin/../lib/gcc/arm-none-eabi/7.2.1/thumb/v6-m\libgcc.a(_dvmd_tls.o)
                              c:/siliconlabs/simplicitystudio/v4/developer/toolchains/gnu_arm/7.2_2017q4/bin/../lib/gcc/arm-none-eabi/7.2.1/thumb/v6-m\libgcc.a(_udivsi3.o) (__aeabi_idiv0)
c:/siliconlabs/simplicitystudio/v4/developer/toolchains/gnu_arm/7.2_2017q4/bin/../lib/gcc/arm-none-eabi/7.2.1/thumb/v6-m\libgcc.a(_clzsi2.o)
                              ./emlib/em_cmu.o (__clzsi2)
c:/siliconlabs/simplicitystudio/v4/developer/toolchains/gnu_arm/7.2_2017q4/bin/../lib/gcc/arm-none-eabi/7.2.1/thumb/v6-m\libgcc.a(_aeabi_uldivmod.o)
                              ./emlib/em_usart.o (__aeabi_uldivmod)
c:/siliconlabs/simplicitystudio/v4/developer/toolchains/gnu_arm/7.2_2017q4/bin/../lib/gcc/arm-none-eabi/7.2.1/thumb/v6-m\libgcc.a(_muldi3.o)
                              ./emlib/em_usart.o (__aeabi_lmul)
c:/siliconlabs/simplicitystudio/v4/developer/toolchains/gnu_arm/7.2_2017q4/bin/../lib/gcc/arm-none-eabi/7.2.1/thumb/v6-m\libgcc.a(_udivmoddi4.o)
                              c:/siliconlabs/simplicitystudio/v4/developer/toolchains/gnu_arm/7.2_2017q4/bin/../lib/gcc/arm-none-eabi/7.2.1/thumb/v6-m\libgcc.a(_aeabi_uldivmod.o) (__udivmoddi4)
c:/siliconlabs/simplicitystudio/v4/developer/toolchains/gnu_arm/7.2_2017q4/bin/../lib/gcc/arm-none-eabi/7.2.1/thumb/v6-m\libgcc.a(_clzdi2.o)
                              c:/siliconlabs/simplicitystudio/v4/developer/toolchains/gnu_arm/7.2_2017q4/bin/../lib/gcc/arm-none-eabi/7.2.1/thumb/v6-m\libgcc.a(_udivmoddi4.o) (__clzdi2)
c:/siliconlabs/simplicitystudio/v4/developer/toolchains/gnu_arm/7.2_2017q4/bin/../lib/gcc/arm-none-eabi/7.2.1/../../../../arm-none-eabi/lib/thumb/v6-m\libc_nano.a(lib_a-exit.o)
                              c:/siliconlabs/simplicitystudio/v4/developer/toolchains/gnu_arm/7.2_2017q4/bin/../lib/gcc/arm-none-eabi/7.2.1/../../../../arm-none-eabi/lib/thumb/v6-m/crt0.o (exit)
c:/siliconlabs/simplicitystudio/v4/developer/toolchains/gnu_arm/7.2_2017q4/bin/../lib/gcc/arm-none-eabi/7.2.1/../../../../arm-none-eabi/lib/thumb/v6-m\libc_nano.a(lib_a-impure.o)
                              c:/siliconlabs/simplicitystudio/v4/developer/toolchains/gnu_arm/7.2_2017q4/bin/../lib/gcc/arm-none-eabi/7.2.1/../../../../arm-none-eabi/lib/thumb/v6-m\libc_nano.a(lib_a-exit.o) (_global_impure_ptr)
c:/siliconlabs/simplicitystudio/v4/developer/toolchains/gnu_arm/7.2_2017q4/bin/../lib/gcc/arm-none-eabi/7.2.1/../../../../arm-none-eabi/lib/thumb/v6-m\libc_nano.a(lib_a-init.o)
                              c:/siliconlabs/simplicitystudio/v4/developer/toolchains/gnu_arm/7.2_2017q4/bin/../lib/gcc/arm-none-eabi/7.2.1/../../../../arm-none-eabi/lib/thumb/v6-m/crt0.o (__libc_init_array)
c:/siliconlabs/simplicitystudio/v4/developer/toolchains/gnu_arm/7.2_2017q4/bin/../lib/gcc/arm-none-eabi/7.2.1/../../../../arm-none-eabi/lib/thumb/v6-m\libc_nano.a(lib_a-memset.o)
                              c:/siliconlabs/simplicitystudio/v4/developer/toolchains/gnu_arm/7.2_2017q4/bin/../lib/gcc/arm-none-eabi/7.2.1/../../../../arm-none-eabi/lib/thumb/v6-m/crt0.o (memset)
c:/siliconlabs/simplicitystudio/v4/developer/toolchains/gnu_arm/7.2_2017q4/bin/../lib/gcc/arm-none-eabi/7.2.1/../../../../arm-none-eabi/lib/thumb/v6-m\libc_nano.a(lib_a-setvbuf.o)
                              ./Drivers/retargetserial.o (setvbuf)
c:/siliconlabs/simplicitystudio/v4/developer/toolchains/gnu_arm/7.2_2017q4/bin/../lib/gcc/arm-none-eabi/7.2.1/../../../../arm-none-eabi/lib/thumb/v6-m\libc_nano.a(lib_a-fflush.o)
                              c:/siliconlabs/simplicitystudio/v4/developer/toolchains/gnu_arm/7.2_2017q4/bin/../lib/gcc/arm-none-eabi/7.2.1/../../../../arm-none-eabi/lib/thumb/v6-m\libc_nano.a(lib_a-setvbuf.o) (_fflush_r)
c:/siliconlabs/simplicitystudio/v4/developer/toolchains/gnu_arm/7.2_2017q4/bin/../lib/gcc/arm-none-eabi/7.2.1/../../../../arm-none-eabi/lib/thumb/v6-m\libc_nano.a(lib_a-findfp.o)
                              c:/siliconlabs/simplicitystudio/v4/developer/toolchains/gnu_arm/7.2_2017q4/bin/../lib/gcc/arm-none-eabi/7.2.1/../../../../arm-none-eabi/lib/thumb/v6-m\libc_nano.a(lib_a-setvbuf.o) (__sinit)
c:/siliconlabs/simplicitystudio/v4/developer/toolchains/gnu_arm/7.2_2017q4/bin/../lib/gcc/arm-none-eabi/7.2.1/../../../../arm-none-eabi/lib/thumb/v6-m\libc_nano.a(lib_a-fwalk.o)
                              c:/siliconlabs/simplicitystudio/v4/developer/toolchains/gnu_arm/7.2_2017q4/bin/../lib/gcc/arm-none-eabi/7.2.1/../../../../arm-none-eabi/lib/thumb/v6-m\libc_nano.a(lib_a-findfp.o) (_fwalk)
[...]
Memory Configuration

Name             Origin             Length             Attributes
FLASH            0x00000000         0x00008000         xr
RAM              0x20000000         0x00002000         xrw
*default*        0x00000000         0xffffffff

Linker script and memory map

LOAD c:/siliconlabs/simplicitystudio/v4/developer/toolchains/gnu_arm/7.2_2017q4/bin/../lib/gcc/arm-none-eabi/7.2.1/thumb/v6-m/crti.o
LOAD c:/siliconlabs/simplicitystudio/v4/developer/toolchains/gnu_arm/7.2_2017q4/bin/../lib/gcc/arm-none-eabi/7.2.1/thumb/v6-m/crtbegin.o
LOAD c:/siliconlabs/simplicitystudio/v4/developer/toolchains/gnu_arm/7.2_2017q4/bin/../lib/gcc/arm-none-eabi/7.2.1/../../../../arm-none-eabi/lib/thumb/v6-m/crt0.o
LOAD ./src/main.o
LOAD ./emlib/em_acmp.o
LOAD ./emlib/em_adc.o
LOAD ./emlib/em_aes.o
LOAD ./emlib/em_assert.o
LOAD ./emlib/em_burtc.o
LOAD ./emlib/em_can.o
LOAD ./emlib/em_cmu.o
LOAD ./emlib/em_core.o
LOAD ./emlib/em_cryotimer.o
LOAD ./emlib/em_crypto.o
LOAD ./emlib/em_csen.o
LOAD ./emlib/em_dac.o
LOAD ./emlib/em_dbg.o
LOAD ./emlib/em_dma.o
LOAD ./emlib/em_ebi.o
LOAD ./emlib/em_emu.o
LOAD ./emlib/em_eusart.o
LOAD ./emlib/em_gpcrc.o
LOAD ./emlib/em_gpio.o
LOAD ./emlib/em_i2c.o
LOAD ./emlib/em_iadc.o
LOAD ./emlib/em_idac.o
LOAD ./emlib/em_int.o
LOAD ./emlib/em_lcd.o
LOAD ./emlib/em_ldma.o
LOAD ./emlib/em_lesense.o
LOAD ./emlib/em_letimer.o
LOAD ./emlib/em_leuart.o
LOAD ./emlib/em_mpu.o
LOAD ./emlib/em_msc.o
LOAD ./emlib/em_opamp.o
LOAD ./emlib/em_pcnt.o
LOAD ./emlib/em_pdm.o
LOAD ./emlib/em_prs.o
LOAD ./emlib/em_qspi.o
LOAD ./emlib/em_rmu.o
LOAD ./emlib/em_rtc.o
LOAD ./emlib/em_rtcc.o
LOAD ./emlib/em_se.o
LOAD ./emlib/em_system.o
LOAD ./emlib/em_timer.o
LOAD ./emlib/em_usart.o
LOAD ./emlib/em_vcmp.o
LOAD ./emlib/em_vdac.o
LOAD ./emlib/em_wdog.o
LOAD ./Drivers/retargetio.o
LOAD ./Drivers/retargetserial.o
LOAD ./CMSIS/EFM32HG/startup_gcc_efm32hg.o
LOAD ./CMSIS/EFM32HG/system_efm32hg.o
START GROUP
LOAD c:/siliconlabs/simplicitystudio/v4/developer/toolchains/gnu_arm/7.2_2017q4/bin/../lib/gcc/arm-none-eabi/7.2.1/thumb/v6-m\libgcc.a
LOAD c:/siliconlabs/simplicitystudio/v4/developer/toolchains/gnu_arm/7.2_2017q4/bin/../lib/gcc/arm-none-eabi/7.2.1/../../../../arm-none-eabi/lib/thumb/v6-m\libc_nano.a
LOAD c:/siliconlabs/simplicitystudio/v4/developer/toolchains/gnu_arm/7.2_2017q4/bin/../lib/gcc/arm-none-eabi/7.2.1/../../../../arm-none-eabi/lib/thumb/v6-m\libnosys.a
END GROUP
START GROUP
LOAD c:/siliconlabs/simplicitystudio/v4/developer/toolchains/gnu_arm/7.2_2017q4/bin/../lib/gcc/arm-none-eabi/7.2.1/thumb/v6-m\libgcc.a
LOAD c:/siliconlabs/simplicitystudio/v4/developer/toolchains/gnu_arm/7.2_2017q4/bin/../lib/gcc/arm-none-eabi/7.2.1/../../../../arm-none-eabi/lib/thumb/v6-m\libg_nano.a
LOAD c:/siliconlabs/simplicitystudio/v4/developer/toolchains/gnu_arm/7.2_2017q4/bin/../lib/gcc/arm-none-eabi/7.2.1/../../../../arm-none-eabi/lib/thumb/v6-m\libc_nano.a
END GROUP
START GROUP
LOAD c:/siliconlabs/simplicitystudio/v4/developer/toolchains/gnu_arm/7.2_2017q4/bin/../lib/gcc/arm-none-eabi/7.2.1/thumb/v6-m\libgcc.a
LOAD c:/siliconlabs/simplicitystudio/v4/developer/toolchains/gnu_arm/7.2_2017q4/bin/../lib/gcc/arm-none-eabi/7.2.1/../../../../arm-none-eabi/lib/thumb/v6-m\libc_nano.a
END GROUP
LOAD c:/siliconlabs/simplicitystudio/v4/developer/toolchains/gnu_arm/7.2_2017q4/bin/../lib/gcc/arm-none-eabi/7.2.1/thumb/v6-m/crtend.o
LOAD c:/siliconlabs/simplicitystudio/v4/developer/toolchains/gnu_arm/7.2_2017q4/bin/../lib/gcc/arm-none-eabi/7.2.1/thumb/v6-m/crtn.o

.text           0x00000000      0x4d4
 *(.vectors)
 .vectors       0x00000000       0x94 ./CMSIS/EFM32HG/startup_gcc_efm32hg.o
                0x00000000                __Vectors
                0x00000094                __Vectors_End = .
                0x00000094                __Vectors_Size = (__Vectors_End - __Vectors)
                0x00000094                __end__ = .
 *(.text*)
 .text          0x00000094       0x48 c:/siliconlabs/simplicitystudio/v4/developer/toolchains/gnu_arm/7.2_2017q4/bin/../lib/gcc/arm-none-eabi/7.2.1/thumb/v6-m/crtbegin.o
 .text          0x000000dc       0x78 c:/siliconlabs/simplicitystudio/v4/developer/toolchains/gnu_arm/7.2_2017q4/bin/../lib/gcc/arm-none-eabi/7.2.1/../../../../arm-none-eabi/lib/thumb/v6-m/crt0.o
                0x000000dc                _start
                0x000000dc                _mainCRTStartup
 .text.SYSTEM_GetProdRev
                0x00000154       0x18 ./src/main.o
 .text.CHIP_Init
                0x0000016c       0x4c ./src/main.o
 .text.TIMER1_IRQHandler
                0x000001b8       0x20 ./src/main.o
                0x000001b8                TIMER1_IRQHandler
 .text.main     0x000001d8        0xa ./src/main.o
                0x000001d8                main
 *fill*         0x000001e2        0x2 
 .text.DMA_IRQHandler
                0x000001e4       0xd8 ./emlib/em_dma.o
                0x000001e4                DMA_IRQHandler
 .text.USART_Rx
                0x000002bc       0x22 ./emlib/em_usart.o
                0x000002bc                USART_Rx
 .text._exit    0x000002de        0xa ./Drivers/retargetio.o
                0x000002de                _exit
 .text.USART_IntDisable
                0x000002e8       0x20 ./Drivers/retargetserial.o
 .text.disableRxInterrupt
                0x00000308       0x18 ./Drivers/retargetserial.o
 .text.USART1_RX_IRQHandler
                0x00000320       0x68 ./Drivers/retargetserial.o
                0x00000320                USART1_RX_IRQHandler
 .text          0x00000388       0x30 ./CMSIS/EFM32HG/startup_gcc_efm32hg.o
                0x00000388                Reset_Handler
                0x000003b4                USART0_TX_IRQHandler
                0x000003b4                I2C0_IRQHandler
                0x000003b4                HardFault_Handler
                0x000003b4                SysTick_Handler
                0x000003b4                PendSV_Handler
                0x000003b4                NMI_Handler
                0x000003b4                USART1_TX_IRQHandler
                0x000003b4                MSC_IRQHandler
                0x000003b4                ADC0_IRQHandler
                0x000003b4                LEUART0_IRQHandler
                0x000003b4                GPIO_EVEN_IRQHandler
                0x000003b4                RTC_IRQHandler
                0x000003b4                TIMER0_IRQHandler
                0x000003b4                TIMER2_IRQHandler
                0x000003b4                Default_Handler
                0x000003b4                PCNT0_IRQHandler
                0x000003b4                sl_app_properties
                0x000003b4                USB_IRQHandler
                0x000003b4                ACMP0_IRQHandler
                0x000003b4                USART0_RX_IRQHandler
                0x000003b4                SVC_Handler
                0x000003b4                CMU_IRQHandler
                0x000003b4                GPIO_ODD_IRQHandler
                0x000003b4                AES_IRQHandler
                0x000003b4                VCMP_IRQHandler
 .text.SystemInit
                0x000003b8       0x18 ./CMSIS/EFM32HG/system_efm32hg.o
                0x000003b8                SystemInit
 .text.exit     0x000003d0       0x2c c:/siliconlabs/simplicitystudio/v4/developer/toolchains/gnu_arm/7.2_2017q4/bin/../lib/gcc/arm-none-eabi/7.2.1/../../../../arm-none-eabi/lib/thumb/v6-m\libc_nano.a(lib_a-exit.o)
                0x000003d0                exit
 .text.__libc_init_array
                0x000003fc       0x48 c:/siliconlabs/simplicitystudio/v4/developer/toolchains/gnu_arm/7.2_2017q4/bin/../lib/gcc/arm-none-eabi/7.2.1/../../../../arm-none-eabi/lib/thumb/v6-m\libc_nano.a(lib_a-init.o)
                0x000003fc                __libc_init_array
 .text.memset   0x00000444       0x10 c:/siliconlabs/simplicitystudio/v4/developer/toolchains/gnu_arm/7.2_2017q4/bin/../lib/gcc/arm-none-eabi/7.2.1/../../../../arm-none-eabi/lib/thumb/v6-m\libc_nano.a(lib_a-memset.o)
                0x00000444                memset
 *(.init)
 .init          0x00000454        0x4 c:/siliconlabs/simplicitystudio/v4/developer/toolchains/gnu_arm/7.2_2017q4/bin/../lib/gcc/arm-none-eabi/7.2.1/thumb/v6-m/crti.o
                0x00000454                _init
 .init          0x00000458        0x8 c:/siliconlabs/simplicitystudio/v4/developer/toolchains/gnu_arm/7.2_2017q4/bin/../lib/gcc/arm-none-eabi/7.2.1/thumb/v6-m/crtn.o
 *(.fini)
 .fini          0x00000460        0x4 c:/siliconlabs/simplicitystudio/v4/developer/toolchains/gnu_arm/7.2_2017q4/bin/../lib/gcc/arm-none-eabi/7.2.1/thumb/v6-m/crti.o
                0x00000460                _fini
 .fini          0x00000464        0x8 c:/siliconlabs/simplicitystudio/v4/developer/toolchains/gnu_arm/7.2_2017q4/bin/../lib/gcc/arm-none-eabi/7.2.1/thumb/v6-m/crtn.o
 *crtbegin.o(.ctors)
 *crtbegin?.o(.ctors)
 *(EXCLUDE_FILE(*crtend.o *crtend?.o) .ctors)
 *(SORT_BY_NAME(.ctors.*))
 *(.ctors)
 *crtbegin.o(.dtors)
 *crtbegin?.o(.dtors)
 *(EXCLUDE_FILE(*crtend.o *crtend?.o) .dtors)
 *(SORT_BY_NAME(.dtors.*))
 *(.dtors)
 *(.rodata*)
 .rodata._global_impure_ptr
                0x0000046c        0x4 c:/siliconlabs/simplicitystudio/v4/developer/toolchains/gnu_arm/7.2_2017q4/bin/../lib/gcc/arm-none-eabi/7.2.1/../../../../arm-none-eabi/lib/thumb/v6-m\libc_nano.a(lib_a-impure.o)
                0x0000046c                _global_impure_ptr
 .rodata.__sf_fake_stderr
                0x00000470       0x20 c:/siliconlabs/simplicitystudio/v4/developer/toolchains/gnu_arm/7.2_2017q4/bin/../lib/gcc/arm-none-eabi/7.2.1/../../../../arm-none-eabi/lib/thumb/v6-m\libc_nano.a(lib_a-findfp.o)
                0x00000470                __sf_fake_stderr
 .rodata.__sf_fake_stdin
                0x00000490       0x20 c:/siliconlabs/simplicitystudio/v4/developer/toolchains/gnu_arm/7.2_2017q4/bin/../lib/gcc/arm-none-eabi/7.2.1/../../../../arm-none-eabi/lib/thumb/v6-m\libc_nano.a(lib_a-findfp.o)
                0x00000490                __sf_fake_stdin
 .rodata.__sf_fake_stdout
                0x000004b0       0x20 c:/siliconlabs/simplicitystudio/v4/developer/toolchains/gnu_arm/7.2_2017q4/bin/../lib/gcc/arm-none-eabi/7.2.1/../../../../arm-none-eabi/lib/thumb/v6-m\libc_nano.a(lib_a-findfp.o)
                0x000004b0                __sf_fake_stdout
 *(.eh_frame*)
 .eh_frame      0x000004d0        0x0 c:/siliconlabs/simplicitystudio/v4/developer/toolchains/gnu_arm/7.2_2017q4/bin/../lib/gcc/arm-none-eabi/7.2.1/thumb/v6-m/crtbegin.o
 .eh_frame      0x000004d0        0x4 c:/siliconlabs/simplicitystudio/v4/developer/toolchains/gnu_arm/7.2_2017q4/bin/../lib/gcc/arm-none-eabi/7.2.1/thumb/v6-m/crtend.o

.glue_7         0x000004d4        0x0
 .glue_7        0x000004d4        0x0 linker stubs

.glue_7t        0x000004d4        0x0
 .glue_7t       0x000004d4        0x0 linker stubs

.vfp11_veneer   0x000004d4        0x0
 .vfp11_veneer  0x000004d4        0x0 linker stubs

.v4_bx          0x000004d4        0x0
 .v4_bx         0x000004d4        0x0 linker stubs

.iplt           0x000004d4        0x0
 .iplt          0x000004d4        0x0 c:/siliconlabs/simplicitystudio/v4/developer/toolchains/gnu_arm/7.2_2017q4/bin/../lib/gcc/arm-none-eabi/7.2.1/thumb/v6-m/crtbegin.o

.ARM.extab
 *(.ARM.extab* .gnu.linkonce.armextab.*)
                0x000004d4                __exidx_start = .

.ARM.exidx      0x000004d4        0x8
 *(.ARM.exidx* .gnu.linkonce.armexidx.*)
 .ARM.exidx     0x000004d4        0x8 c:/siliconlabs/simplicitystudio/v4/developer/toolchains/gnu_arm/7.2_2017q4/bin/../lib/gcc/arm-none-eabi/7.2.1/../../../../arm-none-eabi/lib/thumb/v6-m/crt0.o
                0x000004dc                __exidx_end = .
                0x000004dc                __etext = .

.rel.dyn        0x000004dc        0x0
 .rel.iplt      0x000004dc        0x0 c:/siliconlabs/simplicitystudio/v4/developer/toolchains/gnu_arm/7.2_2017q4/bin/../lib/gcc/arm-none-eabi/7.2.1/thumb/v6-m/crtbegin.o

.data           0x20000000       0x68 load address 0x000004dc
                0x20000000                __data_start__ = .
 *(vtable)
 *(.data*)
 .data.impure_data
                0x20000000       0x60 c:/siliconlabs/simplicitystudio/v4/developer/toolchains/gnu_arm/7.2_2017q4/bin/../lib/gcc/arm-none-eabi/7.2.1/../../../../arm-none-eabi/lib/thumb/v6-m\libc_nano.a(lib_a-impure.o)
                0x20000060                . = ALIGN (0x4)
                [!provide]                PROVIDE (__ram_func_section_start, .)
 *(.ram)
                [!provide]                PROVIDE (__ram_func_section_end, .)
                0x20000060                . = ALIGN (0x4)
                0x20000060                PROVIDE (__preinit_array_start, .)
 *(.preinit_array)
                0x20000060                PROVIDE (__preinit_array_end, .)
                0x20000060                . = ALIGN (0x4)
                0x20000060                PROVIDE (__init_array_start, .)
 *(SORT_BY_NAME(.init_array.*))
 *(.init_array)
 .init_array    0x20000060        0x4 c:/siliconlabs/simplicitystudio/v4/developer/toolchains/gnu_arm/7.2_2017q4/bin/../lib/gcc/arm-none-eabi/7.2.1/thumb/v6-m/crtbegin.o
                0x20000064                PROVIDE (__init_array_end, .)
                0x20000064                . = ALIGN (0x4)
                [!provide]                PROVIDE (__fini_array_start, .)
 *(SORT_BY_NAME(.fini_array.*))
 *(.fini_array)
 .fini_array    0x20000064        0x4 c:/siliconlabs/simplicitystudio/v4/developer/toolchains/gnu_arm/7.2_2017q4/bin/../lib/gcc/arm-none-eabi/7.2.1/thumb/v6-m/crtbegin.o
                [!provide]                PROVIDE (__fini_array_end, .)
 *(.jcr*)
                0x20000068                . = ALIGN (0x4)
                0x20000068                __data_end__ = .

.igot.plt       0x20000068        0x0 load address 0x00000544
 .igot.plt      0x20000068        0x0 c:/siliconlabs/simplicitystudio/v4/developer/toolchains/gnu_arm/7.2_2017q4/bin/../lib/gcc/arm-none-eabi/7.2.1/thumb/v6-m/crtbegin.o

.bss            0x20000068       0x30 load address 0x00000544
                0x20000068                . = ALIGN (0x4)
                0x20000068                __bss_start__ = .
 *(.bss*)
 .bss           0x20000068       0x1c c:/siliconlabs/simplicitystudio/v4/developer/toolchains/gnu_arm/7.2_2017q4/bin/../lib/gcc/arm-none-eabi/7.2.1/thumb/v6-m/crtbegin.o
 .bss.timer1Flag
                0x20000084        0x1 ./src/main.o
                0x20000084                timer1Flag
 *fill*         0x20000085        0x3 
 .bss.rxWriteIndex
                0x20000088        0x4 ./Drivers/retargetserial.o
 .bss.rxCount   0x2000008c        0x4 ./Drivers/retargetserial.o
 .bss.rxBuffer  0x20000090        0x8 ./Drivers/retargetserial.o
 *(COMMON)
                0x20000098                . = ALIGN (0x4)
                0x20000098                __bss_end__ = .

.heap           0x20000098      0x400
                0x20000098                __HeapBase = .
                0x20000098                __end__ = .
                0x20000098                end = __end__
                0x20000098                _end = __end__
 *(.heap*)
 .heap          0x20000098      0x400 ./CMSIS/EFM32HG/startup_gcc_efm32hg.o
                0x20000498                __HeapLimit = .

.stack_dummy    0x20000098      0x400
 *(.stack*)
 .stack         0x20000098      0x400 ./CMSIS/EFM32HG/startup_gcc_efm32hg.o
                0x20002000                __StackTop = (ORIGIN (RAM) + LENGTH (RAM))
                0x20001c00                __StackLimit = (__StackTop - SIZEOF (.stack_dummy))
                0x20002000                PROVIDE (__stack, __StackTop)
                0x00000001                ASSERT ((__StackLimit >= __HeapLimit), region RAM overflowed with stack)
                0x00000001                ASSERT ((LENGTH (FLASH) >= (__etext + SIZEOF (.data))), FLASH memory overflowed !)
OUTPUT(HAL_Switch.axf elf32-littlearm)

.ARM.attributes
                0x00000000       0x28
 .ARM.attributes
                0x00000000       0x1e c:/siliconlabs/simplicitystudio/v4/developer/toolchains/gnu_arm/7.2_2017q4/bin/../lib/gcc/arm-none-eabi/7.2.1/thumb/v6-m/crti.o
 .ARM.attributes
                0x0000001e       0x2c c:/siliconlabs/simplicitystudio/v4/developer/toolchains/gnu_arm/7.2_2017q4/bin/../lib/gcc/arm-none-eabi/7.2.1/thumb/v6-m/crtbegin.o
 .ARM.attributes
                0x0000004a       0x1b c:/siliconlabs/simplicitystudio/v4/developer/toolchains/gnu_arm/7.2_2017q4/bin/../lib/gcc/arm-none-eabi/7.2.1/../../../../arm-none-eabi/lib/thumb/v6-m/crt0.o
 .ARM.attributes
                0x00000065       0x32 ./src/main.o
 .ARM.attributes
                0x00000097       0x32 ./emlib/em_dma.o
 .ARM.attributes
                0x000000c9       0x32 ./emlib/em_usart.o
 .ARM.attributes
                0x000000fb       0x32 ./Drivers/retargetio.o
 .ARM.attributes
                0x0000012d       0x32 ./Drivers/retargetserial.o
 .ARM.attributes
                0x0000015f       0x1b ./CMSIS/EFM32HG/startup_gcc_efm32hg.o
 .ARM.attributes
                0x0000017a       0x32 ./CMSIS/EFM32HG/system_efm32hg.o
 .ARM.attributes
                0x000001ac       0x2c c:/siliconlabs/simplicitystudio/v4/developer/toolchains/gnu_arm/7.2_2017q4/bin/../lib/gcc/arm-none-eabi/7.2.1/../../../../arm-none-eabi/lib/thumb/v6-m\libc_nano.a(lib_a-exit.o)
 .ARM.attributes
                0x000001d8       0x2c c:/siliconlabs/simplicitystudio/v4/developer/toolchains/gnu_arm/7.2_2017q4/bin/../lib/gcc/arm-none-eabi/7.2.1/../../../../arm-none-eabi/lib/thumb/v6-m\libc_nano.a(lib_a-impure.o)
 .ARM.attributes
                0x00000204       0x2c c:/siliconlabs/simplicitystudio/v4/developer/toolchains/gnu_arm/7.2_2017q4/bin/../lib/gcc/arm-none-eabi/7.2.1/../../../../arm-none-eabi/lib/thumb/v6-m\libc_nano.a(lib_a-init.o)
 .ARM.attributes
                0x00000230       0x2c c:/siliconlabs/simplicitystudio/v4/developer/toolchains/gnu_arm/7.2_2017q4/bin/../lib/gcc/arm-none-eabi/7.2.1/../../../../arm-none-eabi/lib/thumb/v6-m\libc_nano.a(lib_a-memset.o)
 .ARM.attributes
                0x0000025c       0x2c c:/siliconlabs/simplicitystudio/v4/developer/toolchains/gnu_arm/7.2_2017q4/bin/../lib/gcc/arm-none-eabi/7.2.1/../../../../arm-none-eabi/lib/thumb/v6-m\libc_nano.a(lib_a-findfp.o)
 .ARM.attributes
                0x00000288       0x2c c:/siliconlabs/simplicitystudio/v4/developer/toolchains/gnu_arm/7.2_2017q4/bin/../lib/gcc/arm-none-eabi/7.2.1/thumb/v6-m/crtend.o
 .ARM.attributes
                0x000002b4       0x1e c:/siliconlabs/simplicitystudio/v4/developer/toolchains/gnu_arm/7.2_2017q4/bin/../lib/gcc/arm-none-eabi/7.2.1/thumb/v6-m/crtn.o

.comment        0x00000000       0x7e
 .comment       0x00000000       0x7e ./src/main.o
                                 0x7f (size before relaxing)
 .comment       0x0000007e       0x7f ./emlib/em_dma.o
 .comment       0x0000007e       0x7f ./emlib/em_usart.o
 .comment       0x0000007e       0x7f ./Drivers/retargetio.o
 .comment       0x0000007e       0x7f ./Drivers/retargetserial.o
 .comment       0x0000007e       0x7f ./CMSIS/EFM32HG/system_efm32hg.o

.debug_info     0x00000000     0x70a7
 .debug_info    0x00000000      0xebe ./src/main.o
 .debug_info    0x00000ebe     0x19b6 ./emlib/em_dma.o
 .debug_info    0x00002874     0x1795 ./emlib/em_usart.o
 .debug_info    0x00004009      0xe55 ./Drivers/retargetio.o
 .debug_info    0x00004e5e     0x1377 ./Drivers/retargetserial.o
 .debug_info    0x000061d5       0x26 ./CMSIS/EFM32HG/startup_gcc_efm32hg.o
 .debug_info    0x000061fb      0xeac ./CMSIS/EFM32HG/system_efm32hg.o

.debug_abbrev   0x00000000      0xfc9
 .debug_abbrev  0x00000000      0x204 ./src/main.o
 .debug_abbrev  0x00000204      0x32d ./emlib/em_dma.o
 .debug_abbrev  0x00000531      0x2b3 ./emlib/em_usart.o
 .debug_abbrev  0x000007e4      0x23d ./Drivers/retargetio.o
 .debug_abbrev  0x00000a21      0x32d ./Drivers/retargetserial.o
 .debug_abbrev  0x00000d4e       0x14 ./CMSIS/EFM32HG/startup_gcc_efm32hg.o
 .debug_abbrev  0x00000d62      0x267 ./CMSIS/EFM32HG/system_efm32hg.o

.debug_loc      0x00000000     0x10ce
 .debug_loc     0x00000000       0xbc ./src/main.o
 .debug_loc     0x000000bc      0x428 ./emlib/em_dma.o
 .debug_loc     0x000004e4      0x50a ./emlib/em_usart.o
 .debug_loc     0x000009ee      0x224 ./Drivers/retargetio.o
 .debug_loc     0x00000c12      0x2d4 ./Drivers/retargetserial.o
 .debug_loc     0x00000ee6      0x1e8 ./CMSIS/EFM32HG/system_efm32hg.o

.debug_aranges  0x00000000      0x330
 .debug_aranges
                0x00000000       0x38 ./src/main.o
 .debug_aranges
                0x00000038       0xb0 ./emlib/em_dma.o
 .debug_aranges
                0x000000e8       0xd0 ./emlib/em_usart.o
 .debug_aranges
                0x000001b8       0x68 ./Drivers/retargetio.o
 .debug_aranges
                0x00000220       0x88 ./Drivers/retargetserial.o
 .debug_aranges
                0x000002a8       0x20 ./CMSIS/EFM32HG/startup_gcc_efm32hg.o
 .debug_aranges
                0x000002c8       0x68 ./CMSIS/EFM32HG/system_efm32hg.o

.debug_ranges   0x00000000      0x2b0
 .debug_ranges  0x00000000       0x28 ./src/main.o
 .debug_ranges  0x00000028       0xa0 ./emlib/em_dma.o
 .debug_ranges  0x000000c8       0xc0 ./emlib/em_usart.o
 .debug_ranges  0x00000188       0x58 ./Drivers/retargetio.o
 .debug_ranges  0x000001e0       0x78 ./Drivers/retargetserial.o
 .debug_ranges  0x00000258       0x58 ./CMSIS/EFM32HG/system_efm32hg.o

.debug_macro    0x00000000    0x11a9d
 .debug_macro   0x00000000      0x32b ./src/main.o
 .debug_macro   0x0000032b      0xa3c ./src/main.o
 .debug_macro   0x00000d67      0x2ce ./src/main.o
 .debug_macro   0x00001035       0x12 ./src/main.o
 .debug_macro   0x00001047       0x22 ./src/main.o
 .debug_macro   0x00001069       0x4f ./src/main.o
 .debug_macro   0x000010b8       0x51 ./src/main.o
 .debug_macro   0x00001109       0xef ./src/main.o
 .debug_macro   0x000011f8       0x6a ./src/main.o
 .debug_macro   0x00001262      0x1df ./src/main.o
 .debug_macro   0x00001441       0x1c ./src/main.o
 .debug_macro   0x0000145d       0x22 ./src/main.o
 .debug_macro   0x0000147f       0xb5 ./src/main.o
 .debug_macro   0x00001534       0x12 ./src/main.o
 .debug_macro   0x00001546       0x58 ./src/main.o
 .debug_macro   0x0000159e       0x17 ./src/main.o
 .debug_macro   0x000015b5       0x35 ./src/main.o
 .debug_macro   0x000015ea       0x9c ./src/main.o
 .debug_macro   0x00001686      0x16d ./src/main.o
 .debug_macro   0x000017f3       0x58 ./src/main.o
 .debug_macro   0x0000184b       0x1f ./src/main.o
 .debug_macro   0x0000186a       0x43 ./src/main.o
 .debug_macro   0x000018ad       0x20 ./src/main.o
 .debug_macro   0x000018cd      0x18e ./src/main.o
 .debug_macro   0x00001a5b      0x34d ./src/main.o
 .debug_macro   0x00001da8       0x10 ./src/main.o
 .debug_macro   0x00001db8       0x35 ./src/main.o
 .debug_macro   0x00001ded       0xde ./src/main.o
 .debug_macro   0x00001ecb       0xe4 ./src/main.o
 .debug_macro   0x00001faf      0x37c ./src/main.o
 .debug_macro   0x0000232b      0x82d ./src/main.o
 .debug_macro   0x00002b58       0xfa ./src/main.o
 .debug_macro   0x00002c52      0x1b3 ./src/main.o
 .debug_macro   0x00002e05     0x16ae ./src/main.o
 .debug_macro   0x000044b3      0x6ca ./src/main.o
 .debug_macro   0x00004b7d     0x1bda ./src/main.o
 .debug_macro   0x00006757     0x1c09 ./src/main.o
 .debug_macro   0x00008360      0x33d ./src/main.o
 .debug_macro   0x0000869d      0xf9a ./src/main.o
 .debug_macro   0x00009637      0xa5b ./src/main.o
 .debug_macro   0x0000a092     0x106a ./src/main.o
 .debug_macro   0x0000b0fc      0x37f ./src/main.o
 .debug_macro   0x0000b47b      0x1c9 ./src/main.o
 .debug_macro   0x0000b644      0x166 ./src/main.o
 .debug_macro   0x0000b7aa      0x256 ./src/main.o
 .debug_macro   0x0000ba00       0x40 ./src/main.o
 .debug_macro   0x0000ba40      0x281 ./src/main.o
 .debug_macro   0x0000bcc1       0xc4 ./src/main.o
 .debug_macro   0x0000bd85      0x252 ./src/main.o
 .debug_macro   0x0000bfd7     0x36ad ./src/main.o
 .debug_macro   0x0000f684      0x100 ./src/main.o
 .debug_macro   0x0000f784      0x100 ./src/main.o
 .debug_macro   0x0000f884       0x22 ./src/main.o
 .debug_macro   0x0000f8a6       0x10 ./src/main.o
 .debug_macro   0x0000f8b6       0xb9 ./src/main.o
 .debug_macro   0x0000f96f       0x69 ./src/main.o
 .debug_macro   0x0000f9d8      0x337 ./src/main.o
 .debug_macro   0x0000fd0f      0x1e4 ./src/main.o
 .debug_macro   0x0000fef3      0x19b ./src/main.o
 .debug_macro   0x0001008e       0x5e ./src/main.o
 .debug_macro   0x000100ec       0x74 ./src/main.o
 .debug_macro   0x00010160      0x337 ./emlib/em_dma.o
 .debug_macro   0x00010497       0x1c ./emlib/em_dma.o
 .debug_macro   0x000104b3       0x10 ./emlib/em_dma.o
 .debug_macro   0x000104c3       0x10 ./emlib/em_dma.o
 .debug_macro   0x000104d3       0xb6 ./emlib/em_dma.o
 .debug_macro   0x00010589       0x16 ./emlib/em_dma.o
 .debug_macro   0x0001059f      0x129 ./emlib/em_dma.o
 .debug_macro   0x000106c8      0x305 ./emlib/em_usart.o
 .debug_macro   0x000109cd       0xeb ./emlib/em_usart.o
 .debug_macro   0x00010ab8      0x354 ./Drivers/retargetio.o
 .debug_macro   0x00010e0c       0x57 ./Drivers/retargetio.o
 .debug_macro   0x00010e63       0x10 ./Drivers/retargetio.o
 .debug_macro   0x00010e73       0x10 ./Drivers/retargetio.o
 .debug_macro   0x00010e83       0x10 ./Drivers/retargetio.o
 .debug_macro   0x00010e93       0x2e ./Drivers/retargetio.o
 .debug_macro   0x00010ec1       0xf5 ./Drivers/retargetio.o
 .debug_macro   0x00010fb6       0x16 ./Drivers/retargetio.o
 .debug_macro   0x00010fcc       0x22 ./Drivers/retargetio.o
 .debug_macro   0x00010fee       0x16 ./Drivers/retargetio.o
 .debug_macro   0x00011004      0x373 ./Drivers/retargetserial.o
 .debug_macro   0x00011377       0x16 ./Drivers/retargetserial.o
 .debug_macro   0x0001138d       0x97 ./Drivers/retargetserial.o
 .debug_macro   0x00011424       0xf6 ./Drivers/retargetserial.o
 .debug_macro   0x0001151a      0x1ea ./Drivers/retargetserial.o
 .debug_macro   0x00011704       0xf1 ./Drivers/retargetserial.o
 .debug_macro   0x000117f5      0x2a8 ./CMSIS/EFM32HG/system_efm32hg.o

.debug_line     0x00000000     0x36b7
 .debug_line    0x00000000      0x914 ./src/main.o
 .debug_line    0x00000914      0x9a6 ./emlib/em_dma.o
 .debug_line    0x000012ba      0xa20 ./emlib/em_usart.o
 .debug_line    0x00001cda      0x7fc ./Drivers/retargetio.o
 .debug_line    0x000024d6      0xa5c ./Drivers/retargetserial.o
 .debug_line    0x00002f32       0x74 ./CMSIS/EFM32HG/startup_gcc_efm32hg.o
 .debug_line    0x00002fa6      0x711 ./CMSIS/EFM32HG/system_efm32hg.o

.debug_str      0x00000000    0x62826
 .debug_str     0x00000000    0x5f8b2 ./src/main.o
                              0x5fb60 (size before relaxing)
 .debug_str     0x0005f8b2      0xf25 ./emlib/em_dma.o
                              0x5f713 (size before relaxing)
 .debug_str     0x000607d7      0xd8d ./emlib/em_usart.o
                              0x5f670 (size before relaxing)
 .debug_str     0x00061564      0x698 ./Drivers/retargetio.o
                              0x5e029 (size before relaxing)
 .debug_str     0x00061bfc      0x942 ./Drivers/retargetserial.o
                              0x6150f (size before relaxing)
 .debug_str     0x0006253e       0x36 ./CMSIS/EFM32HG/startup_gcc_efm32hg.o
                                 0x84 (size before relaxing)
 .debug_str     0x00062574      0x2b2 ./CMSIS/EFM32HG/system_efm32hg.o
                              0x5d54b (size before relaxing)

.debug_frame    0x00000000      0xbe0
 .debug_frame   0x00000000       0x84 ./src/main.o
 .debug_frame   0x00000084      0x270 ./emlib/em_dma.o
 .debug_frame   0x000002f4      0x2f4 ./emlib/em_usart.o
 .debug_frame   0x000005e8      0x14c ./Drivers/retargetio.o
 .debug_frame   0x00000734      0x1c0 ./Drivers/retargetserial.o
 .debug_frame   0x000008f4      0x138 ./CMSIS/EFM32HG/system_efm32hg.o
 .debug_frame   0x00000a2c       0x28 c:/siliconlabs/simplicitystudio/v4/developer/toolchains/gnu_arm/7.2_2017q4/bin/../lib/gcc/arm-none-eabi/7.2.1/../../../../arm-none-eabi/lib/thumb/v6-m\libc_nano.a(lib_a-exit.o)
 .debug_frame   0x00000a54       0x2c c:/siliconlabs/simplicitystudio/v4/developer/toolchains/gnu_arm/7.2_2017q4/bin/../lib/gcc/arm-none-eabi/7.2.1/../../../../arm-none-eabi/lib/thumb/v6-m\libc_nano.a(lib_a-init.o)
 .debug_frame   0x00000a80       0x20 c:/siliconlabs/simplicitystudio/v4/developer/toolchains/gnu_arm/7.2_2017q4/bin/../lib/gcc/arm-none-eabi/7.2.1/../../../../arm-none-eabi/lib/thumb/v6-m\libc_nano.a(lib_a-memset.o)
 .debug_frame   0x00000aa0      0x140 c:/siliconlabs/simplicitystudio/v4/developer/toolchains/gnu_arm/7.2_2017q4/bin/../lib/gcc/arm-none-eabi/7.2.1/../../../../arm-none-eabi/lib/thumb/v6-m\libc_nano.a(lib_a-findfp.o)
